401,1
402,1
403,1
404,1
405,1
406,1
412,1
416,1
425,1
426,1
427,1
